Processing LaTeX file paper_v2.tex...
Warning (ox-latex): PDF file produced with warnings: [undefined reference]
